Configuration description:
Region select two contigs (control=False).
Region applies to section of flow cell (# = applied, . = not applied):

    ################................
    ################................
    ################................
    ################................
    ################................
    ################................
    ################................
    ################................

Region control (control=True).
Region applies to section of flow cell (# = applied, . = not applied):

    ................################
    ................################
    ................################
    ................################
    ................################
    ................################
    ................################
    ................################
